modules loaded

Currently Loaded Modules:
  1) build/gcc-7.2.0   2) languages/anaconda2/5.0.1   3) tools/git/2.18.0

2018-06-05 13:58:03,582 - isca - INFO - Writing path_names to '/mnt/storage/home/dm16883/Exo-planets/Model_runs/codebase/_mnt_storage_home_dm16883_Exo-planets_Isca/build/isca/path_names'
2018-06-05 13:58:03,599 - isca - INFO - Running compiler
2018-06-05 13:58:03,783 - isca - INFO - loadmodules for Bluecrystal 4 machines
2018-06-05 13:58:05,080 - isca - INFO - Currently Loaded Modules:
2018-06-05 13:58:05,081 - isca - INFO - 1) GCCcore/5.4.0                     6) vtune/2017.1.132-GCC-5.4.0-2.26
2018-06-05 13:58:05,081 - isca - INFO - 2) binutils/2.26-GCCcore-5.4.0       7) imkl/2017.1.132-GCC-5.4.0-2.26
2018-06-05 13:58:05,081 - isca - INFO - 3) icc/2017.1.132-GCC-5.4.0-2.26     8) languages/intel/2017.01
2018-06-05 13:58:05,081 - isca - INFO - 4) ifort/2017.1.132-GCC-5.4.0-2.26   9) libs/hdf5/1.10.1.MPI
2018-06-05 13:58:05,081 - isca - INFO - 5) impi/2017.1.132-GCC-5.4.0-2.26   10) libs/netcdf/4.4.1.1.MPI
2018-06-05 13:58:05,109 - isca - INFO - /mnt/storage/home/dm16883/Exo-planets/Model_runs/codebase/_mnt_storage_home_dm16883_Exo-planets_Isca/build/isca/path_names
2018-06-05 13:58:09,218 - isca - INFO - ................................................................................................................................................................................................... Makefile is ready.
2018-06-05 13:58:09,425 - isca - INFO - make: Nothing to be done for `all'.
2018-06-05 13:58:09,602 - isca - INFO - make: `isca.x' is up to date.
2018-06-05 13:58:09,607 - isca - INFO - Compilation complete.
2018-06-05 13:58:09,668 - isca - INFO - Emptied run directory '/mnt/storage/home/dm16883/Exo-planets/Model_runs/experiment/giant_planet_test_experiment_dann_stephen/run'
2018-06-05 13:58:09,684 - isca - INFO - Emptied run directory '/mnt/storage/home/dm16883/Exo-planets/Model_runs/experiment/giant_planet_test_experiment_dann_stephen/run'
2018-06-05 13:58:09,995 - isca - INFO - Writing namelist to '/mnt/storage/home/dm16883/Exo-planets/Model_runs/experiment/giant_planet_test_experiment_dann_stephen/run/input.nml'
2018-06-05 13:58:09,996 - isca - INFO - Writing field_table to '/mnt/storage/home/dm16883/Exo-planets/Model_runs/experiment/giant_planet_test_experiment_dann_stephen/run/field_table'
2018-06-05 13:58:10,005 - isca - INFO - Writing diag_table to '/mnt/storage/home/dm16883/Exo-planets/Model_runs/experiment/giant_planet_test_experiment_dann_stephen/run/diag_table'
2018-06-05 13:58:10,006 - isca - INFO - Running without restart file
2018-06-05 13:58:10,010 - isca - INFO - Beginning run 1
2018-06-05 13:58:10,014 - isca - INFO - process running as 28058
2018-06-05 13:58:10,114 - isca - DEBUG - loadmodules for Bluecrystal 4 machines
2018-06-05 13:58:10,277 - isca - DEBUG - 
2018-06-05 13:58:10,277 - isca - DEBUG - Currently Loaded Modules:
2018-06-05 13:58:10,277 - isca - DEBUG - 1) GCCcore/5.4.0                     6) vtune/2017.1.132-GCC-5.4.0-2.26
2018-06-05 13:58:10,277 - isca - DEBUG - 2) binutils/2.26-GCCcore-5.4.0       7) imkl/2017.1.132-GCC-5.4.0-2.26
2018-06-05 13:58:10,277 - isca - DEBUG - 3) icc/2017.1.132-GCC-5.4.0-2.26     8) languages/intel/2017.01
2018-06-05 13:58:10,277 - isca - DEBUG - 4) ifort/2017.1.132-GCC-5.4.0-2.26   9) libs/hdf5/1.10.1.MPI
2018-06-05 13:58:10,277 - isca - DEBUG - 5) impi/2017.1.132-GCC-5.4.0-2.26   10) libs/netcdf/4.4.1.1.MPI
2018-06-05 13:58:10,277 - isca - DEBUG - 
2018-06-05 13:58:12,546 - isca - DEBUG - NOTE from PE    0: MPP_DOMAINS_SET_STACK_SIZE: stack size set to    32768.
2018-06-05 13:58:12,547 - isca - DEBUG - &MPP_IO_NML
2018-06-05 13:58:12,547 - isca - DEBUG - HEADER_BUFFER_VAL       =       16384,
2018-06-05 13:58:12,547 - isca - DEBUG - GLOBAL_FIELD_ON_ROOT_PE = T,
2018-06-05 13:58:12,547 - isca - DEBUG - IO_CLOCKS_ON    = F,
2018-06-05 13:58:12,547 - isca - DEBUG - SHUFFLE =           0,
2018-06-05 13:58:12,547 - isca - DEBUG - DEFLATE_LEVEL   =          -1
2018-06-05 13:58:12,549 - isca - DEBUG - /
2018-06-05 13:58:12,550 - isca - DEBUG - NOTE from PE    0: MPP_IO_SET_STACK_SIZE: stack size set to     131072.
2018-06-05 13:58:12,552 - isca - DEBUG - NOTE from PE    0: MPP_DOMAINS_SET_STACK_SIZE: stack size set to   620000.
2018-06-05 13:58:12,559 - isca - DEBUG - starting            1  OpenMP threads per MPI-task
2018-06-05 13:58:12,560 - isca - DEBUG - ATMOS MODEL DOMAIN DECOMPOSITION
2018-06-05 13:58:12,560 - isca - DEBUG - X-AXIS = 1024
2018-06-05 13:58:12,560 - isca - DEBUG - Y-AXIS =   80  80  80  80
2018-06-05 13:58:14,126 - isca - DEBUG - mean surface pressure=3000.0000 mb
2018-06-05 13:58:14,625 - isca - DEBUG - NOTE from PE    0: idealized_moist_phys: Using dry convection scheme.
2018-06-05 13:58:14,652 - isca - DEBUG - 
2018-06-05 13:58:14,652 - isca - DEBUG - 
2018-06-05 13:58:14,652 - isca - DEBUG - Rayleigh Drag in boundary layer.
2018-06-05 13:58:14,652 - isca - DEBUG - Extent of frictional layer: sigma_b =     0.85
2018-06-05 13:58:14,652 - isca - DEBUG - Frictional timescale in days:     10.00
2018-06-05 13:58:14,652 - isca - DEBUG - 
2018-06-05 13:58:14,652 - isca - DEBUG - 
2018-06-05 13:58:14,652 - isca - DEBUG - NOTE from PE    0: idealized_moist_phys: Because gp_surface=.True., setting albedo=0.0
2018-06-05 13:58:14,652 - isca - DEBUG - NOTE from PE    0: idealized_moist_phys: Note that if grey radiation scheme != Schneider is used, model will seg-fault b/c gp_surface does not define a t_surf, which is required by most grey schemes.
2018-06-05 13:58:14,671 - isca - DEBUG - NOTE from PE    0: two_stream_gray_rad: Using Schneider & Liu (2009) radiation scheme for GIANT PLANETS.
2018-06-05 14:01:07,167 - isca - DEBUG - Integration completed through     1 days     0 seconds
2018-06-05 14:03:59,254 - isca - DEBUG - Integration completed through     2 days     0 seconds
2018-06-05 14:06:51,261 - isca - DEBUG - Integration completed through     3 days     0 seconds
2018-06-05 14:09:44,223 - isca - DEBUG - Integration completed through     4 days     0 seconds
2018-06-05 14:12:35,742 - isca - DEBUG - Integration completed through     5 days     0 seconds
2018-06-05 14:15:27,147 - isca - DEBUG - Integration completed through     6 days     0 seconds
2018-06-05 14:18:19,280 - isca - DEBUG - Integration completed through     7 days     0 seconds
2018-06-05 14:21:12,095 - isca - DEBUG - Integration completed through     8 days     0 seconds
2018-06-05 14:24:03,733 - isca - DEBUG - Integration completed through     9 days     0 seconds
2018-06-05 14:26:55,906 - isca - DEBUG - Integration completed through    10 days     0 seconds
2018-06-05 14:29:48,550 - isca - DEBUG - Integration completed through    11 days     0 seconds
2018-06-05 14:32:40,328 - isca - DEBUG - Integration completed through    12 days     0 seconds
2018-06-05 14:35:32,318 - isca - DEBUG - Integration completed through    13 days     0 seconds
2018-06-05 14:38:24,450 - isca - DEBUG - Integration completed through    14 days     0 seconds
2018-06-05 14:41:16,596 - isca - DEBUG - Integration completed through    15 days     0 seconds
2018-06-05 14:44:06,843 - isca - DEBUG - Integration completed through    16 days     0 seconds
2018-06-05 14:46:56,799 - isca - DEBUG - Integration completed through    17 days     0 seconds
2018-06-05 14:49:47,295 - isca - DEBUG - Integration completed through    18 days     0 seconds
2018-06-05 14:52:36,244 - isca - DEBUG - Integration completed through    19 days     0 seconds
2018-06-05 14:55:24,675 - isca - DEBUG - Integration completed through    20 days     0 seconds
2018-06-05 14:58:13,405 - isca - DEBUG - Integration completed through    21 days     0 seconds
2018-06-05 15:01:02,008 - isca - DEBUG - Integration completed through    22 days     0 seconds
2018-06-05 15:03:49,908 - isca - DEBUG - Integration completed through    23 days     0 seconds
2018-06-05 15:06:37,355 - isca - DEBUG - Integration completed through    24 days     0 seconds
2018-06-05 15:09:25,390 - isca - DEBUG - Integration completed through    25 days     0 seconds
2018-06-05 15:12:12,686 - isca - DEBUG - Integration completed through    26 days     0 seconds
2018-06-05 15:14:59,600 - isca - DEBUG - Integration completed through    27 days     0 seconds
2018-06-05 15:17:46,885 - isca - DEBUG - Integration completed through    28 days     0 seconds
2018-06-05 15:20:34,500 - isca - DEBUG - Integration completed through    29 days     0 seconds
2018-06-05 15:23:20,992 - isca - DEBUG - Integration completed through    30 days     0 seconds
2018-06-05 15:23:21,258 - isca - DEBUG - NOTE from PE    0: MPP_IO_SET_STACK_SIZE: stack size set to    2457600.
2018-06-05 15:23:21,388 - isca - DEBUG - 
2018-06-05 15:23:21,388 - isca - DEBUG - FATAL from PE    1: MPP_DO_GLOBAL_FIELD user stack overflow: call mpp_domains_set_stack_size( 4915200) from all PEs.
2018-06-05 15:23:21,388 - isca - DEBUG - 
2018-06-05 15:23:21,388 - isca - DEBUG - application called MPI_Abort(MPI_COMM_WORLD, 1) - process 1
Exception in thread background thread for pid 28058:
Traceback (most recent call last):
  File "/mnt/storage/home/dm16883/.conda/envs/isca_env/lib/python3.6/threading.py", line 916, in _bootstrap_inner
    self.run()
  File "/mnt/storage/home/dm16883/.conda/envs/isca_env/lib/python3.6/threading.py", line 864, in run
    self._target(*self._args, **self._kwargs)
  File "/mnt/storage/home/dm16883/.conda/envs/isca_env/lib/python3.6/site-packages/sh.py", line 1540, in wrap
    fn(*args, **kwargs)
  File "/mnt/storage/home/dm16883/.conda/envs/isca_env/lib/python3.6/site-packages/sh.py", line 2459, in background_thread
    handle_exit_code(exit_code)
  File "/mnt/storage/home/dm16883/.conda/envs/isca_env/lib/python3.6/site-packages/sh.py", line 2157, in fn
    return self.command.handle_command_exit_code(exit_code)
  File "/mnt/storage/home/dm16883/.conda/envs/isca_env/lib/python3.6/site-packages/sh.py", line 815, in handle_command_exit_code
    raise exc
sh.ErrorReturnCode_1: 

  RAN: /usr/bin/bash /mnt/storage/home/dm16883/Exo-planets/Model_runs/experiment/giant_planet_test_experiment_dann_stephen/run/run.sh

  STDOUT:


  STDERR:


2018-06-05 15:23:21,460 - isca - ERROR - Run 1 failed. See log for details.
2018-06-05 15:23:21,460 - isca - ERROR - Error: ErrorReturnCode_1('\n\n  RAN: /usr/bin/bash /mnt/storage/home/dm16883/Exo-planets/Model_runs/experiment/giant_planet_test_experiment_dann_stephen/run/run.sh\n\n  STDOUT:\n\n\n  STDERR:\n',)
Traceback (most recent call last):
  File "/mnt/storage/home/dm16883/Exo-planets/Isca/src/extra/python/isca/experiment.py", line 266, in run
    proc.wait()
  File "/mnt/storage/home/dm16883/.conda/envs/isca_env/lib/python3.6/site-packages/sh.py", line 792, in wait
    self.handle_command_exit_code(exit_code)
  File "/mnt/storage/home/dm16883/.conda/envs/isca_env/lib/python3.6/site-packages/sh.py", line 815, in handle_command_exit_code
    raise exc
sh.ErrorReturnCode_1: 

  RAN: /usr/bin/bash /mnt/storage/home/dm16883/Exo-planets/Model_runs/experiment/giant_planet_test_experiment_dann_stephen/run/run.sh

  STDOUT:


  STDERR:


During handling of the above exception, another exception occurred:

Traceback (most recent call last):
  File "giant_planet_dann_stephen.py", line 211, in <module>
    exp.run(1, use_restart=False, num_cores=NCORES)
  File "/mnt/storage/home/dm16883/Exo-planets/Isca/src/extra/python/isca/helpers.py", line 22, in _destructive
    return fn(*args, **kwargs)
  File "/mnt/storage/home/dm16883/Exo-planets/Isca/src/extra/python/isca/helpers.py", line 38, in _useworkdir
    return fn(*args, **kwargs)
  File "/mnt/storage/home/dm16883/Exo-planets/Isca/src/extra/python/isca/experiment.py", line 280, in run
    raise FailedRunError()
isca.experiment.FailedRunError

real	85m24.806s
user	0m9.795s
sys	0m2.316s
