modules loaded

Currently Loaded Modules:
  1) build/gcc-7.2.0   2) languages/anaconda2/5.0.1   3) tools/git/2.18.0

2018-06-15 09:31:30,992 - isca - INFO - Writing path_names to '/mnt/storage/home/dm16883/Exo-planets/Model_runs/codebase/_mnt_storage_home_dm16883_Exo-planets_Isca/build/isca/path_names'
2018-06-15 09:31:31,005 - isca - INFO - Running compiler
2018-06-15 09:31:31,281 - isca - INFO - loadmodules for Bluecrystal 4 machines
2018-06-15 09:31:31,474 - isca - INFO - Currently Loaded Modules:
2018-06-15 09:31:31,474 - isca - INFO - 1) GCCcore/5.4.0                     6) vtune/2017.1.132-GCC-5.4.0-2.26
2018-06-15 09:31:31,475 - isca - INFO - 2) binutils/2.26-GCCcore-5.4.0       7) imkl/2017.1.132-GCC-5.4.0-2.26
2018-06-15 09:31:31,475 - isca - INFO - 3) icc/2017.1.132-GCC-5.4.0-2.26     8) languages/intel/2017.01
2018-06-15 09:31:31,475 - isca - INFO - 4) ifort/2017.1.132-GCC-5.4.0-2.26   9) libs/hdf5/1.10.1.MPI
2018-06-15 09:31:31,475 - isca - INFO - 5) impi/2017.1.132-GCC-5.4.0-2.26   10) libs/netcdf/4.4.1.1.MPI
2018-06-15 09:31:31,506 - isca - INFO - /mnt/storage/home/dm16883/Exo-planets/Model_runs/codebase/_mnt_storage_home_dm16883_Exo-planets_Isca/build/isca/path_names
2018-06-15 09:31:35,023 - isca - INFO - ................................................................................................................................................................................................... Makefile is ready.
2018-06-15 09:31:35,241 - isca - INFO - make: Nothing to be done for `all'.
2018-06-15 09:31:35,436 - isca - INFO - make: `isca.x' is up to date.
2018-06-15 09:31:35,442 - isca - INFO - Compilation complete.
2018-06-15 09:31:35,444 - isca - DEBUG - Making directory '/mnt/storage/home/dm16883/Exo-planets/Model_runs/experiment/giant_planet_test_experiment'
2018-06-15 09:31:35,463 - isca - WARNING - Tried to remove run directory but it doesnt exist
2018-06-15 09:31:35,473 - isca - INFO - Emptied run directory '/mnt/storage/home/dm16883/Exo-planets/Model_runs/experiment/giant_planet_test_experiment/run'
2018-06-15 09:31:35,490 - isca - INFO - Emptied run directory '/mnt/storage/home/dm16883/Exo-planets/Model_runs/experiment/giant_planet_test_experiment/run'
2018-06-15 09:31:35,687 - isca - INFO - Writing namelist to '/mnt/storage/home/dm16883/Exo-planets/Model_runs/experiment/giant_planet_test_experiment/run/input.nml'
2018-06-15 09:31:35,689 - isca - INFO - Writing field_table to '/mnt/storage/home/dm16883/Exo-planets/Model_runs/experiment/giant_planet_test_experiment/run/field_table'
2018-06-15 09:31:35,698 - isca - INFO - Writing diag_table to '/mnt/storage/home/dm16883/Exo-planets/Model_runs/experiment/giant_planet_test_experiment/run/diag_table'
2018-06-15 09:31:35,698 - isca - INFO - Running without restart file
2018-06-15 09:31:35,701 - isca - INFO - Beginning run 1
2018-06-15 09:31:35,705 - isca - INFO - process running as 9911
2018-06-15 09:31:35,821 - isca - DEBUG - loadmodules for Bluecrystal 4 machines
2018-06-15 09:31:35,986 - isca - DEBUG - 
2018-06-15 09:31:35,986 - isca - DEBUG - Currently Loaded Modules:
2018-06-15 09:31:35,986 - isca - DEBUG - 1) GCCcore/5.4.0                     6) vtune/2017.1.132-GCC-5.4.0-2.26
2018-06-15 09:31:35,986 - isca - DEBUG - 2) binutils/2.26-GCCcore-5.4.0       7) imkl/2017.1.132-GCC-5.4.0-2.26
2018-06-15 09:31:35,986 - isca - DEBUG - 3) icc/2017.1.132-GCC-5.4.0-2.26     8) languages/intel/2017.01
2018-06-15 09:31:35,986 - isca - DEBUG - 4) ifort/2017.1.132-GCC-5.4.0-2.26   9) libs/hdf5/1.10.1.MPI
2018-06-15 09:31:35,986 - isca - DEBUG - 5) impi/2017.1.132-GCC-5.4.0-2.26   10) libs/netcdf/4.4.1.1.MPI
2018-06-15 09:31:35,987 - isca - DEBUG - 
2018-06-15 09:31:36,849 - isca - DEBUG - NOTE from PE    0: MPP_DOMAINS_SET_STACK_SIZE: stack size set to    32768.
2018-06-15 09:31:36,849 - isca - DEBUG - &MPP_IO_NML
2018-06-15 09:31:36,849 - isca - DEBUG - HEADER_BUFFER_VAL       =       16384,
2018-06-15 09:31:36,849 - isca - DEBUG - GLOBAL_FIELD_ON_ROOT_PE = T,
2018-06-15 09:31:36,851 - isca - DEBUG - IO_CLOCKS_ON    = F,
2018-06-15 09:31:36,851 - isca - DEBUG - SHUFFLE =           0,
2018-06-15 09:31:36,851 - isca - DEBUG - DEFLATE_LEVEL   =          -1
2018-06-15 09:31:36,851 - isca - DEBUG - /
2018-06-15 09:31:36,852 - isca - DEBUG - NOTE from PE    0: MPP_IO_SET_STACK_SIZE: stack size set to     131072.
2018-06-15 09:31:36,854 - isca - DEBUG - NOTE from PE    0: MPP_DOMAINS_SET_STACK_SIZE: stack size set to   620000.
2018-06-15 09:31:36,859 - isca - DEBUG - starting            1  OpenMP threads per MPI-task
2018-06-15 09:31:36,860 - isca - DEBUG - ATMOS MODEL DOMAIN DECOMPOSITION
2018-06-15 09:31:36,860 - isca - DEBUG - X-AXIS = 1024
2018-06-15 09:31:36,860 - isca - DEBUG - Y-AXIS =   80  80  80  80
2018-06-15 09:31:38,436 - isca - DEBUG - mean surface pressure=3000.0000 mb
2018-06-15 09:31:38,918 - isca - DEBUG - NOTE from PE    0: idealized_moist_phys: Using dry convection scheme.
2018-06-15 09:31:38,944 - isca - DEBUG - 
2018-06-15 09:31:38,944 - isca - DEBUG - 
2018-06-15 09:31:38,944 - isca - DEBUG - Rayleigh Drag in boundary layer.
2018-06-15 09:31:38,944 - isca - DEBUG - Extent of frictional layer: sigma_b =     0.85
2018-06-15 09:31:38,944 - isca - DEBUG - Frictional timescale in days:     10.00
2018-06-15 09:31:38,944 - isca - DEBUG - 
2018-06-15 09:31:38,944 - isca - DEBUG - 
2018-06-15 09:31:38,945 - isca - DEBUG - NOTE from PE    0: idealized_moist_phys: Because gp_surface=.True., setting albedo=0.0
2018-06-15 09:31:38,945 - isca - DEBUG - NOTE from PE    0: idealized_moist_phys: Note that if grey radiation scheme != Schneider is used, model will seg-fault b/c gp_surface does not define a t_surf, which is required by most grey schemes.
2018-06-15 09:31:38,963 - isca - DEBUG - NOTE from PE    0: two_stream_gray_rad: Using Schneider & Liu (2009) radiation scheme for GIANT PLANETS.
2018-06-15 09:34:31,716 - isca - DEBUG - Integration completed through     1 days     0 seconds
2018-06-15 09:37:24,755 - isca - DEBUG - Integration completed through     2 days     0 seconds
2018-06-15 09:40:18,221 - isca - DEBUG - Integration completed through     3 days     0 seconds
2018-06-15 09:43:11,060 - isca - DEBUG - Integration completed through     4 days     0 seconds
2018-06-15 09:46:04,134 - isca - DEBUG - Integration completed through     5 days     0 seconds
2018-06-15 09:48:58,481 - isca - DEBUG - Integration completed through     6 days     0 seconds
2018-06-15 09:51:51,811 - isca - DEBUG - Integration completed through     7 days     0 seconds
2018-06-15 09:54:45,873 - isca - DEBUG - Integration completed through     8 days     0 seconds
2018-06-15 09:57:40,088 - isca - DEBUG - Integration completed through     9 days     0 seconds
2018-06-15 10:00:33,868 - isca - DEBUG - Integration completed through    10 days     0 seconds
2018-06-15 10:03:27,079 - isca - DEBUG - Integration completed through    11 days     0 seconds
2018-06-15 10:06:20,230 - isca - DEBUG - Integration completed through    12 days     0 seconds
2018-06-15 10:09:14,461 - isca - DEBUG - Integration completed through    13 days     0 seconds
2018-06-15 10:12:08,441 - isca - DEBUG - Integration completed through    14 days     0 seconds
2018-06-15 10:15:01,703 - isca - DEBUG - Integration completed through    15 days     0 seconds
2018-06-15 10:17:55,090 - isca - DEBUG - Integration completed through    16 days     0 seconds
2018-06-15 10:20:48,937 - isca - DEBUG - Integration completed through    17 days     0 seconds
2018-06-15 10:23:42,070 - isca - DEBUG - Integration completed through    18 days     0 seconds
2018-06-15 10:26:35,412 - isca - DEBUG - Integration completed through    19 days     0 seconds
2018-06-15 10:29:29,469 - isca - DEBUG - Integration completed through    20 days     0 seconds
2018-06-15 10:32:23,092 - isca - DEBUG - Integration completed through    21 days     0 seconds
2018-06-15 10:35:16,702 - isca - DEBUG - Integration completed through    22 days     0 seconds
2018-06-15 10:38:10,419 - isca - DEBUG - Integration completed through    23 days     0 seconds
2018-06-15 10:41:03,676 - isca - DEBUG - Integration completed through    24 days     0 seconds
2018-06-15 10:43:56,342 - isca - DEBUG - Integration completed through    25 days     0 seconds
2018-06-15 10:46:49,128 - isca - DEBUG - Integration completed through    26 days     0 seconds
2018-06-15 10:49:42,636 - isca - DEBUG - Integration completed through    27 days     0 seconds
2018-06-15 10:52:35,210 - isca - DEBUG - Integration completed through    28 days     0 seconds
2018-06-15 10:55:27,787 - isca - DEBUG - Integration completed through    29 days     0 seconds
2018-06-15 10:58:21,076 - isca - DEBUG - Integration completed through    30 days     0 seconds
2018-06-15 10:58:21,347 - isca - DEBUG - NOTE from PE    0: MPP_IO_SET_STACK_SIZE: stack size set to    2457600.
2018-06-15 10:58:22,257 - isca - DEBUG - 
2018-06-15 10:58:22,257 - isca - DEBUG - FATAL from PE    1: MPP_DO_GLOBAL_FIELD user stack overflow: call mpp_domains_set_stack_size( 4915200) from all PEs.
2018-06-15 10:58:22,258 - isca - DEBUG - 
2018-06-15 10:58:22,258 - isca - DEBUG - application called MPI_Abort(MPI_COMM_WORLD, 1) - process 1
Exception in thread background thread for pid 9911:
Traceback (most recent call last):
  File "/mnt/storage/home/dm16883/.conda/envs/isca_env/lib/python3.6/threading.py", line 916, in _bootstrap_inner
    self.run()
  File "/mnt/storage/home/dm16883/.conda/envs/isca_env/lib/python3.6/threading.py", line 864, in run
    self._target(*self._args, **self._kwargs)
  File "/mnt/storage/home/dm16883/.conda/envs/isca_env/lib/python3.6/site-packages/sh.py", line 1540, in wrap
    fn(*args, **kwargs)
  File "/mnt/storage/home/dm16883/.conda/envs/isca_env/lib/python3.6/site-packages/sh.py", line 2459, in background_thread
    handle_exit_code(exit_code)
  File "/mnt/storage/home/dm16883/.conda/envs/isca_env/lib/python3.6/site-packages/sh.py", line 2157, in fn
    return self.command.handle_command_exit_code(exit_code)
  File "/mnt/storage/home/dm16883/.conda/envs/isca_env/lib/python3.6/site-packages/sh.py", line 815, in handle_command_exit_code
    raise exc
sh.ErrorReturnCode_1: 

  RAN: /usr/bin/bash /mnt/storage/home/dm16883/Exo-planets/Model_runs/experiment/giant_planet_test_experiment/run/run.sh

  STDOUT:


  STDERR:


2018-06-15 10:58:22,360 - isca - ERROR - Run 1 failed. See log for details.
2018-06-15 10:58:22,360 - isca - ERROR - Error: ErrorReturnCode_1('\n\n  RAN: /usr/bin/bash /mnt/storage/home/dm16883/Exo-planets/Model_runs/experiment/giant_planet_test_experiment/run/run.sh\n\n  STDOUT:\n\n\n  STDERR:\n',)
Traceback (most recent call last):
  File "/mnt/storage/home/dm16883/Exo-planets/Isca/src/extra/python/isca/experiment.py", line 266, in run
    proc.wait()
  File "/mnt/storage/home/dm16883/.conda/envs/isca_env/lib/python3.6/site-packages/sh.py", line 792, in wait
    self.handle_command_exit_code(exit_code)
  File "/mnt/storage/home/dm16883/.conda/envs/isca_env/lib/python3.6/site-packages/sh.py", line 815, in handle_command_exit_code
    raise exc
sh.ErrorReturnCode_1: 

  RAN: /usr/bin/bash /mnt/storage/home/dm16883/Exo-planets/Model_runs/experiment/giant_planet_test_experiment/run/run.sh

  STDOUT:


  STDERR:


During handling of the above exception, another exception occurred:

Traceback (most recent call last):
  File "giant_planet_test_case.py", line 210, in <module>
    exp.run(1, use_restart=False, num_cores=NCORES)
  File "/mnt/storage/home/dm16883/Exo-planets/Isca/src/extra/python/isca/helpers.py", line 22, in _destructive
    return fn(*args, **kwargs)
  File "/mnt/storage/home/dm16883/Exo-planets/Isca/src/extra/python/isca/helpers.py", line 38, in _useworkdir
    return fn(*args, **kwargs)
  File "/mnt/storage/home/dm16883/Exo-planets/Isca/src/extra/python/isca/experiment.py", line 280, in run
    raise FailedRunError()
isca.experiment.FailedRunError

real	86m57.147s
user	0m10.715s
sys	0m2.384s
